// Jest Snapshot v1, https://goo.gl/fbAQLP

exports[`Snapshot of AddBugPage 1`] = `
<div>
  <h1>
    Add bug
  </h1>
  <BugForm
    onSubmit={[Function]}
  />
</div>
`;
