// Jest Snapshot v1, https://goo.gl/fbAQLP

exports[`Render snapshot of dashboard page 1`] = `
<div>
  <React.Memo />
  <React.Memo />
  <React.Memo />
</div>
`;
